// Jest Snapshot v1, https://goo.gl/fbAQLP

exports[`HomeStackNavigator renders HomeStackNavigator correctly 1`] = `null`;
